Warning[165]:	D:\QW\QW-中微\SC8F054_DK\IDE\SCMCU_IDE_V2.00.17_Beta3\data\include\sc_chip_select.h	第118行	#include filename "D:\QW\QW-中微\SC8F054_DK\IDE\SCMCU_IDE_V2.00.17_Beta3\data\include\sc8f054.h" does not match actual name (check upper/lower case)
Warning[373]:	D:\QW\QW-项目\QW-247\程序\手环-中微-程序-16通道-2.4G\QW-247_SC8F054_V1.0_16M2T_16Channel\SC8F054_main.c	第35行	implicit signed to unsigned conversion
Warning[373]:	D:\QW\QW-项目\QW-247\程序\手环-中微-程序-16通道-2.4G\QW-247_SC8F054_V1.0_16M2T_16Channel\SC8F054_main.c	第201行	implicit signed to unsigned conversion
Warning[373]:	D:\QW\QW-项目\QW-247\程序\手环-中微-程序-16通道-2.4G\QW-247_SC8F054_V1.0_16M2T_16Channel\SC8F054_main.c	第209行	implicit signed to unsigned conversion
Warning[373]:	D:\QW\QW-项目\QW-247\程序\手环-中微-程序-16通道-2.4G\QW-247_SC8F054_V1.0_16M2T_16Channel\SC8F054_main.c	第217行	implicit signed to unsigned conversion
Warning[373]:	D:\QW\QW-项目\QW-247\程序\手环-中微-程序-16通道-2.4G\QW-247_SC8F054_V1.0_16M2T_16Channel\SC8F054_main.c	第244行	implicit signed to unsigned conversion
Warning[373]:	D:\QW\QW-项目\QW-247\程序\手环-中微-程序-16通道-2.4G\QW-247_SC8F054_V1.0_16M2T_16Channel\SC8F054_main.c	第253行	implicit signed to unsigned conversion
Warning[373]:	D:\QW\QW-项目\QW-247\程序\手环-中微-程序-16通道-2.4G\QW-247_SC8F054_V1.0_16M2T_16Channel\SC8F054_main.c	第262行	implicit signed to unsigned conversion
Warning[165]:	D:\QW\QW-中微\SC8F054_DK\IDE\SCMCU_IDE_V2.00.17_Beta3\data\include\sc_chip_select.h	第118行	#include filename "D:\QW\QW-中微\SC8F054_DK\IDE\SCMCU_IDE_V2.00.17_Beta3\data\include\sc8f054.h" does not match actual name (check upper/lower case)
Warning[165]:	D:\QW\QW-中微\SC8F054_DK\IDE\SCMCU_IDE_V2.00.17_Beta3\data\include\sc_chip_select.h	第118行	#include filename "D:\QW\QW-中微\SC8F054_DK\IDE\SCMCU_IDE_V2.00.17_Beta3\data\include\sc8f054.h" does not match actual name (check upper/lower case)
Warning[165]:	D:\QW\QW-中微\SC8F054_DK\IDE\SCMCU_IDE_V2.00.17_Beta3\data\include\sc_chip_select.h	第118行	#include filename "D:\QW\QW-中微\SC8F054_DK\IDE\SCMCU_IDE_V2.00.17_Beta3\data\include\sc8f054.h" does not match actual name (check upper/lower case)
Warning[165]:	D:\QW\QW-中微\SC8F054_DK\IDE\SCMCU_IDE_V2.00.17_Beta3\data\include\sc_chip_select.h	第118行	#include filename "D:\QW\QW-中微\SC8F054_DK\IDE\SCMCU_IDE_V2.00.17_Beta3\data\include\sc8f054.h" does not match actual name (check upper/lower case)
Warning[373]:	D:\QW\QW-项目\QW-247\程序\手环-中微-程序-16通道-2.4G\QW-247_SC8F054_V1.0_16M2T_16Channel\SC8F054_soft.c	第53行	implicit signed to unsigned conversion
Warning[373]:	D:\QW\QW-项目\QW-247\程序\手环-中微-程序-16通道-2.4G\QW-247_SC8F054_V1.0_16M2T_16Channel\SC8F054_soft.c	第67行	implicit signed to unsigned conversion
Warning[373]:	D:\QW\QW-项目\QW-247\程序\手环-中微-程序-16通道-2.4G\QW-247_SC8F054_V1.0_16M2T_16Channel\SC8F054_soft.c	第68行	implicit signed to unsigned conversion
Warning[373]:	D:\QW\QW-项目\QW-247\程序\手环-中微-程序-16通道-2.4G\QW-247_SC8F054_V1.0_16M2T_16Channel\SC8F054_soft.c	第81行	implicit signed to unsigned conversion
Warning[373]:	D:\QW\QW-项目\QW-247\程序\手环-中微-程序-16通道-2.4G\QW-247_SC8F054_V1.0_16M2T_16Channel\SC8F054_soft.c	第85行	implicit signed to unsigned conversion
Warning[373]:	D:\QW\QW-项目\QW-247\程序\手环-中微-程序-16通道-2.4G\QW-247_SC8F054_V1.0_16M2T_16Channel\SC8F054_soft.c	第86行	implicit signed to unsigned conversion
Warning[373]:	D:\QW\QW-项目\QW-247\程序\手环-中微-程序-16通道-2.4G\QW-247_SC8F054_V1.0_16M2T_16Channel\SC8F054_soft.c	第106行	implicit signed to unsigned conversion
Warning[373]:	D:\QW\QW-项目\QW-247\程序\手环-中微-程序-16通道-2.4G\QW-247_SC8F054_V1.0_16M2T_16Channel\SC8F054_soft.c	第107行	implicit signed to unsigned conversion
Warning[373]:	D:\QW\QW-项目\QW-247\程序\手环-中微-程序-16通道-2.4G\QW-247_SC8F054_V1.0_16M2T_16Channel\SC8F054_soft.c	第108行	implicit signed to unsigned conversion
Warning[373]:	D:\QW\QW-项目\QW-247\程序\手环-中微-程序-16通道-2.4G\QW-247_SC8F054_V1.0_16M2T_16Channel\SC8F054_soft.c	第116行	implicit signed to unsigned conversion
Warning[373]:	D:\QW\QW-项目\QW-247\程序\手环-中微-程序-16通道-2.4G\QW-247_SC8F054_V1.0_16M2T_16Channel\SC8F054_soft.c	第119行	implicit signed to unsigned conversion
Warning[373]:	D:\QW\QW-项目\QW-247\程序\手环-中微-程序-16通道-2.4G\QW-247_SC8F054_V1.0_16M2T_16Channel\SC8F054_soft.c	第147行	implicit signed to unsigned conversion
Warning[373]:	D:\QW\QW-项目\QW-247\程序\手环-中微-程序-16通道-2.4G\QW-247_SC8F054_V1.0_16M2T_16Channel\SC8F054_soft.c	第197行	implicit signed to unsigned conversion
Warning[165]:	D:\QW\QW-中微\SC8F054_DK\IDE\SCMCU_IDE_V2.00.17_Beta3\data\include\sc_chip_select.h	第118行	#include filename "D:\QW\QW-中微\SC8F054_DK\IDE\SCMCU_IDE_V2.00.17_Beta3\data\include\sc8f054.h" does not match actual name (check upper/lower case)
Warning[373]:	D:\QW\QW-项目\QW-247\程序\手环-中微-程序-16通道-2.4G\QW-247_SC8F054_V1.0_16M2T_16Channel\SC8F054_xl2400t.c	第28行	implicit signed to unsigned conversion
Warning[373]:	D:\QW\QW-项目\QW-247\程序\手环-中微-程序-16通道-2.4G\QW-247_SC8F054_V1.0_16M2T_16Channel\SC8F054_xl2400t.c	第49行	implicit signed to unsigned conversion
Warning[373]:	D:\QW\QW-项目\QW-247\程序\手环-中微-程序-16通道-2.4G\QW-247_SC8F054_V1.0_16M2T_16Channel\SC8F054_xl2400t.c	第165行	implicit signed to unsigned conversion
Warning[373]:	D:\QW\QW-项目\QW-247\程序\手环-中微-程序-16通道-2.4G\QW-247_SC8F054_V1.0_16M2T_16Channel\SC8F054_xl2400t.c	第247行	implicit signed to unsigned conversion
Warning[373]:	D:\QW\QW-项目\QW-247\程序\手环-中微-程序-16通道-2.4G\QW-247_SC8F054_V1.0_16M2T_16Channel\SC8F054_xl2400t.c	第249行	implicit signed to unsigned conversion
Warning[343]:	D:\QW\QW-项目\QW-247\程序\手环-中微-程序-16通道-2.4G\QW-247_SC8F054_V1.0_16M2T_16Channel\SC8F054_xl2400t.c	第314行	implicit return at end of non-void function
Warning[373]:	D:\QW\QW-项目\QW-247\程序\手环-中微-程序-16通道-2.4G\QW-247_SC8F054_V1.0_16M2T_16Channel\SC8F054_xl2400t.c	第328行	implicit signed to unsigned conversion
Warning[165]:	D:\QW\QW-中微\SC8F054_DK\IDE\SCMCU_IDE_V2.00.17_Beta3\data\include\sc_chip_select.h	第118行	#include filename "D:\QW\QW-中微\SC8F054_DK\IDE\SCMCU_IDE_V2.00.17_Beta3\data\include\sc8f054.h" does not match actual name (check upper/lower case)
Warning[520]:	D:\QW\QW-项目\QW-247\程序\手环-中微-程序-16通道-2.4G\QW-247_SC8F054_V1.0_16M2T_16Channel\SC8F054_xl2400t.c	第184行	function "_RF_Reset" is never called
Warning[520]:	D:\QW\QW-项目\QW-247\程序\手环-中微-程序-16通道-2.4G\QW-247_SC8F054_V1.0_16M2T_16Channel\SC8F054_xl2400t.c	第206行	function "_RF_Tx_Mode" is never called
Warning[520]:	D:\QW\QW-项目\QW-247\程序\手环-中微-程序-16通道-2.4G\QW-247_SC8F054_V1.0_16M2T_16Channel\SC8F054_xl2400t.c	第236行	function "_RF_TX_Data" is never called
Warning[520]:	D:\QW\QW-项目\QW-247\程序\手环-中微-程序-16通道-2.4G\QW-247_SC8F054_V1.0_16M2T_16Channel\SC8F054_usart.c	第14行	function "_UART_Send_Byte" is never called
Warning[520]:	D:\QW\QW-项目\QW-247\程序\手环-中微-程序-16通道-2.4G\QW-247_SC8F054_V1.0_16M2T_16Channel\SC8F054_usart.c	第22行	function "_UART_Rx_Ready" is never called
Warning[520]:	D:\QW\QW-项目\QW-247\程序\手环-中微-程序-16通道-2.4G\QW-247_SC8F054_V1.0_16M2T_16Channel\SC8F054_usart.c	第28行	function "_UART_Rx_Read" is never called
Warning[520]:	D:\QW\QW-项目\QW-247\程序\手环-中微-程序-16通道-2.4G\QW-247_SC8F054_V1.0_16M2T_16Channel\SC8F054_usart.c	第36行	function "_Uart_Send_Receive" is never called
Warning[1090]:	D:\QW\QW-项目\QW-247\程序\手环-中微-程序-16通道-2.4G\QW-247_SC8F054_V1.0_16M2T_16Channel\SC8F054_usart.c	第9行	variable "_rx_sample_count" is not used
Warning[1090]:	D:\QW\QW-项目\QW-247\程序\手环-中微-程序-16通道-2.4G\QW-247_SC8F054_V1.0_16M2T_16Channel\SC8F054_usart.c	第8行	variable "_uart_rx_data" is not used
Warning[1090]:	D:\QW\QW-项目\QW-247\程序\手环-中微-程序-16通道-2.4G\QW-247_SC8F054_V1.0_16M2T_16Channel\SC8F054_usart.c	第7行	variable "_uart_tx_data" is not used
Warning[1090]:	D:\QW\QW-项目\QW-247\程序\手环-中微-程序-16通道-2.4G\QW-247_SC8F054_V1.0_16M2T_16Channel\SC8F054_usart.c	第6行	variable "_uart_rx_ready" is not used
Warning[1090]:	D:\QW\QW-项目\QW-247\程序\手环-中微-程序-16通道-2.4G\QW-247_SC8F054_V1.0_16M2T_16Channel\SC8F054_usart.c	第5行	variable "_uart_tx_busy" is not used
Warning[1090]:	D:\QW\QW-项目\QW-247\程序\手环-中微-程序-16通道-2.4G\QW-247_SC8F054_V1.0_16M2T_16Channel\SC8F054_xl2400t.c	第279行	variable "_key_count" is not used
Warning[1090]:	D:\QW\QW-项目\QW-247\程序\手环-中微-程序-16通道-2.4G\QW-247_SC8F054_V1.0_16M2T_16Channel\SC8F054_xl2400t.c	第235行	variable "_color_t" is not used
Warning[1090]:	D:\QW\QW-项目\QW-247\程序\手环-中微-程序-16通道-2.4G\QW-247_SC8F054_V1.0_16M2T_16Channel\SC8F054_main.c	第7行	variable "_key_data" is not used
Warning[1090]:	D:\QW\QW-项目\QW-247\程序\手环-中微-程序-16通道-2.4G\QW-247_SC8F054_V1.0_16M2T_16Channel\SC8F054_usart.c	第10行	variable "_Tx_Rx_Buf" is not used
Warning[1090]:	D:\QW\QW-项目\QW-247\程序\手环-中微-程序-16通道-2.4G\QW-247_SC8F054_V1.0_16M2T_16Channel\SC8F054_xl2400t.c	第319行	variable "XL2400T_Init@dat" is not used
Warning[752]:	D:\QW\QW-项目\QW-247\程序\手环-中微-程序-16通道-2.4G\QW-247_SC8F054_V1.0_16M2T_16Channel\SC8F054_main.c	第35行	conversion to shorter data type
Warning[752]:	D:\QW\QW-项目\QW-247\程序\手环-中微-程序-16通道-2.4G\QW-247_SC8F054_V1.0_16M2T_16Channel\SC8F054_main.c	第201行	conversion to shorter data type
Warning[752]:	D:\QW\QW-项目\QW-247\程序\手环-中微-程序-16通道-2.4G\QW-247_SC8F054_V1.0_16M2T_16Channel\SC8F054_main.c	第209行	conversion to shorter data type
Warning[752]:	D:\QW\QW-项目\QW-247\程序\手环-中微-程序-16通道-2.4G\QW-247_SC8F054_V1.0_16M2T_16Channel\SC8F054_main.c	第217行	conversion to shorter data type
Warning[752]:	D:\QW\QW-项目\QW-247\程序\手环-中微-程序-16通道-2.4G\QW-247_SC8F054_V1.0_16M2T_16Channel\SC8F054_main.c	第244行	conversion to shorter data type
Warning[752]:	D:\QW\QW-项目\QW-247\程序\手环-中微-程序-16通道-2.4G\QW-247_SC8F054_V1.0_16M2T_16Channel\SC8F054_main.c	第253行	conversion to shorter data type
Warning[752]:	D:\QW\QW-项目\QW-247\程序\手环-中微-程序-16通道-2.4G\QW-247_SC8F054_V1.0_16M2T_16Channel\SC8F054_main.c	第262行	conversion to shorter data type
Warning[752]:	D:\QW\QW-项目\QW-247\程序\手环-中微-程序-16通道-2.4G\QW-247_SC8F054_V1.0_16M2T_16Channel\SC8F054_led.c	第14行	conversion to shorter data type
Warning[752]:	D:\QW\QW-项目\QW-247\程序\手环-中微-程序-16通道-2.4G\QW-247_SC8F054_V1.0_16M2T_16Channel\SC8F054_led.c	第16行	conversion to shorter data type
Warning[752]:	D:\QW\QW-项目\QW-247\程序\手环-中微-程序-16通道-2.4G\QW-247_SC8F054_V1.0_16M2T_16Channel\SC8F054_led.c	第20行	conversion to shorter data type
Warning[752]:	D:\QW\QW-项目\QW-247\程序\手环-中微-程序-16通道-2.4G\QW-247_SC8F054_V1.0_16M2T_16Channel\SC8F054_led.c	第22行	conversion to shorter data type
Warning[752]:	D:\QW\QW-项目\QW-247\程序\手环-中微-程序-16通道-2.4G\QW-247_SC8F054_V1.0_16M2T_16Channel\SC8F054_led.c	第25行	conversion to shorter data type
Warning[752]:	D:\QW\QW-项目\QW-247\程序\手环-中微-程序-16通道-2.4G\QW-247_SC8F054_V1.0_16M2T_16Channel\SC8F054_led.c	第27行	conversion to shorter data type
Warning[752]:	D:\QW\QW-项目\QW-247\程序\手环-中微-程序-16通道-2.4G\QW-247_SC8F054_V1.0_16M2T_16Channel\SC8F054_soft.c	第46行	conversion to shorter data type
Warning[752]:	D:\QW\QW-项目\QW-247\程序\手环-中微-程序-16通道-2.4G\QW-247_SC8F054_V1.0_16M2T_16Channel\SC8F054_soft.c	第63行	conversion to shorter data type
Warning[752]:	D:\QW\QW-项目\QW-247\程序\手环-中微-程序-16通道-2.4G\QW-247_SC8F054_V1.0_16M2T_16Channel\SC8F054_soft.c	第81行	conversion to shorter data type
Warning[752]:	D:\QW\QW-项目\QW-247\程序\手环-中微-程序-16通道-2.4G\QW-247_SC8F054_V1.0_16M2T_16Channel\SC8F054_soft.c	第107行	conversion to shorter data type
Warning[752]:	D:\QW\QW-项目\QW-247\程序\手环-中微-程序-16通道-2.4G\QW-247_SC8F054_V1.0_16M2T_16Channel\SC8F054_soft.c	第114行	conversion to shorter data type
Warning[752]:	D:\QW\QW-项目\QW-247\程序\手环-中微-程序-16通道-2.4G\QW-247_SC8F054_V1.0_16M2T_16Channel\SC8F054_soft.c	第149行	conversion to shorter data type
Warning[752]:	D:\QW\QW-项目\QW-247\程序\手环-中微-程序-16通道-2.4G\QW-247_SC8F054_V1.0_16M2T_16Channel\SC8F054_xl2400t.c	第164行	conversion to shorter data type
Warning[752]:	D:\QW\QW-项目\QW-247\程序\手环-中微-程序-16通道-2.4G\QW-247_SC8F054_V1.0_16M2T_16Channel\SC8F054_xl2400t.c	第165行	conversion to shorter data type
Warning[752]:	D:\QW\QW-项目\QW-247\程序\手环-中微-程序-16通道-2.4G\QW-247_SC8F054_V1.0_16M2T_16Channel\SC8F054_xl2400t.c	第167行	conversion to shorter data type
Warning[752]:	D:\QW\QW-项目\QW-247\程序\手环-中微-程序-16通道-2.4G\QW-247_SC8F054_V1.0_16M2T_16Channel\SC8F054_xl2400t.c	第169行	conversion to shorter data type
Warning[752]:	D:\QW\QW-项目\QW-247\程序\手环-中微-程序-16通道-2.4G\QW-247_SC8F054_V1.0_16M2T_16Channel\SC8F054_xl2400t.c	第328行	conversion to shorter data type
Warning[759]:	D:\QW\QW-项目\QW-247\程序\手环-中微-程序-16通道-2.4G\QW-247_SC8F054_V1.0_16M2T_16Channel\SC8F054_xl2400t.c	第319行	expression generates no code

Memory Summary:
    Program space        used   7C4h (  1988) of   800h words   ( 97.1%)
    Data space           used    80h (   128) of    A0h bytes   ( 80.0%)
    EEPROM space         None available
    Data stack space     used     0h (     0) of    29h bytes   (  0.0%)
    Configuration bits   used     0h (     0) of     2h words   (  0.0%)
    ID Location space    used     0h (     0) of     4h bytes   (  0.0%)

