Microchip MPLAB XC8 Compiler V1.45 ()

Linker command line:

-W-9 \
  --edf=D:\QW\QW-中微\SC8F054_DK\IDE\SCMCU_IDE_V2.00.17_Beta3\data\dat\en_msgs.txt \
  -cs -h+SC8F054_timer_C.sym --cmf=SC8F054_timer_C.cmf -z -QSC8F054 \
  -oC:\Users\ADMINI~1\AppData\Local\Temp\sfvk.2 -MSC8F054_timer_C.map -E1 \
  -ver=XC8 -ASTACK=0C7h-0efh -pstack=STACK -ACODE=00h-07FFh \
  -ASTRCODE=00h-07FFh -ASTRING=00h-0FFhx8 -ACONST=00h-0FFhx8 \
  -AENTRY=00h-0FFhx8 -ACOMMON=070h-07Fh -ABANK0=020h-06Fh -ABANK1=0A0h-0EFh \
  -ARAM=020h-06Fh,0A0h-0EFh -AABS1=020h-07Fh,0A0h-0EFh -ASFR0=00h-01Fh \
  -ASFR1=080h-09Fh -preset_vec=00h,intentry=04h,init,end_init \
  -ppowerup=CODE -pcinit=CODE -pfunctab=ENTRY -ACONFIG=02007h-02008h \
  -pconfig=CONFIG -DCONFIG=2 -AIDLOC=02000h-02003h -pidloc=IDLOC -DIDLOC=2 \
  -DCODE=2 -DSTRCODE=2 -DSTRING=2 -DCONST=2 -DENTRY=2 -k startup.obj \
  SC8F054_timer_C.obj 

Object code version is 3.11

Machine type is SC8F054



                Name                               Link     Load   Length Selector   Space Scale
startup.obj     end_init                              C        C        1        8       0
                reset_vec                             0        0        1        0       0
SC8F054_timer_C.obj
                cinit                                 D        D       25        8       0
                intentry                              4        4        8        8       0
                text34                              6B0      6B0       18        8       0
                text33                              67B      67B       1B        8       0
                swtext2                             739      739       10      E52       0
                text32                              1CD      1CD      105        8       0
                text31                              488      488       48        8       0
                text30                              577      577       33        8       0
                text29                              34C      34C       75        8       0
                swtext1                             729      729       10      E52       0
                text28                              3C1      3C1       74        8       0
                text27                              772      772        D      E92       0
                text26                              634      634       28        8       0
                text25                              544      544       33        8       0
                text24                              6DD      6DD       15        8       0
                text23                              7B7      7B7        7      E92       0
                text22                              7C2      7C2        4      E92       0
                text21                              7BE      7BE        4      E92       0
                text20                              765      765        D      E92       0
                text19                              717      717       12        8       0
                text18                              7B0      7B0        7      E92       0
                text17                              4D0      4D0       3D        8       0
                text16                               32       32      19B        8       0
                text15                              50D      50D       37        8       0
                text14                              758      758        D      E92       0
                text13                              795      795        A      E92       0
                text12                              6F2      6F2       13        8       0
                text11                              696      696       1A        8       0
                text10                              6C8      6C8       15        8       0
                text9                               65C      65C       1F        8       0
                text8                               5DC      5DC       2D        8       0
                text7                               78B      78B        A      E92       0
                text6                               5AA      5AA       32        8       0
                text5                               2D2      2D2       7A        8       0
                text4                               7C6      7C6        2      E92       0
                text3                               77F      77F        C      E92       0
                text2                               705      705       12        8       0
                text1                               435      435       53        8       0
                maintext                            79F      79F        9      E92       0
                cstackBANK0                          4B       4B       1E       20       1
                cstackCOMMON                         70       70        7       70       1
                clrtext                             7A8      7A8        8      E92       0
                inittext                            749      749        F      E92       0
                dataBANK1                            C2       C2        5       A0       1
                bssBANK1                             A0       A0       22       A0       1
                dataBANK0                            20       20       2B       20       1
                bssBANK0                             69       69        4       20       1
                dataCOMMON                           77       77        3       70       1
                idataBANK0                          609      609       2B        8       0

TOTAL           Name                               Link     Load   Length     Space
        CLASS   STACK          

        CLASS   CODE           
                end_init                              C        C        1         0
                cinit                                 D        D       25         0
                intentry                              4        4        8         0
                reset_vec                             0        0        1         0
                text34                              6B0      6B0       18         0
                text33                              67B      67B       1B         0
                text32                              1CD      1CD      105         0
                text31                              488      488       48         0
                text30                              577      577       33         0
                text29                              34C      34C       75         0
                text28                              3C1      3C1       74         0
                text27                              772      772        D         0
                text26                              634      634       28         0
                text25                              544      544       33         0
                text24                              6DD      6DD       15         0
                text23                              7B7      7B7        7         0
                text22                              7C2      7C2        4         0
                text21                              7BE      7BE        4         0
                text20                              765      765        D         0
                text19                              717      717       12         0
                text18                              7B0      7B0        7         0
                text17                              4D0      4D0       3D         0
                text16                               32       32      19B         0
                text15                              50D      50D       37         0
                text14                              758      758        D         0
                text13                              795      795        A         0
                text12                              6F2      6F2       13         0
                text11                              696      696       1A         0
                text10                              6C8      6C8       15         0
                text9                               65C      65C       1F         0
                text8                               5DC      5DC       2D         0
                text7                               78B      78B        A         0
                text6                               5AA      5AA       32         0
                text5                               2D2      2D2       7A         0
                text4                               7C6      7C6        2         0
                text3                               77F      77F        C         0
                text2                               705      705       12         0
                text1                               435      435       53         0
                maintext                            79F      79F        9         0
                clrtext                             7A8      7A8        8         0
                inittext                            749      749        F         0
                idataBANK0                          609      609       2B         0

        CLASS   STRCODE        

        CLASS   STRING         

        CLASS   CONST          
                swtext2                             739      739       10         0
                swtext1                             729      729       10         0

        CLASS   ENTRY          

        CLASS   COMMON         
                cstackCOMMON                         70       70        7         1
                dataCOMMON                           77       77        3         1

        CLASS   BANK0          
                cstackBANK0                          4B       4B       1E         1
                dataBANK0                            20       20       2B         1
                bssBANK0                             69       69        4         1

        CLASS   BANK1          
                dataBANK1                            C2       C2        5         1
                bssBANK1                             A0       A0       22         1

        CLASS   RAM            

        CLASS   ABS1           
                abs_s1                               7E       7E        2         1

        CLASS   SFR0           

        CLASS   SFR1           

        CLASS   CONFIG         

        CLASS   IDLOC          

        CLASS   EEDATA         



SEGMENTS        Name                           Load    Length   Top    Selector   Space  Class     Delta

                reset_vec                      000000  000001  000001         0       0  CODE        2
                intentry                       000004  000725  000729         8       0  CODE        2
                dataBANK0                      000020  00004D  00006D        20       1  BANK0       1
                cstackCOMMON                   000070  00000A  00007A        70       1  COMMON      1
                bssBANK1                       0000A0  000027  0000C7        A0       1  BANK1       1
                swtext1                        000729  000020  000749       E52       0  CONST       2
                inittext                       000749  00007F  0007C8       E92       0  CODE        2


UNUSED ADDRESS RANGES

        Name                Unused          Largest block    Delta
        BANK0            06D-06F             3           1
        BANK1            0C7-0EF            29           1
        CODE             001-003             3           2
                         7C8-7FF            38
        COMMON           07A-07D             4           1
        CONFIG           2007-2008             2           2
        CONST            001-003             3           2
                         7C8-7FF            38
        ENTRY            001-003             3           2
                         7C8-7FF            38
        IDLOC            2000-2003             4           2
        RAM              06D-06F             3           1
                         0C7-0EF            29
        SFR0             000-01F            20           1
        SFR1             080-09F            20           1
        STACK            0C7-0EF            29           1
        STRCODE          001-003             3           2
                         7C8-7FF            38
        STRING           001-003             3           2
                         7C8-7FF            38

                                  Symbol Table

?___awmod                      cstackBANK0  04B
?___lldiv                      cstackBANK0  057
?___lmul                       cstackBANK0  04B
?_rand                         cstackBANK0  057
Delay_3us@i                    cstackBANK0  04B
Delay_3us@j                    cstackBANK0  04C
Delay_ms@i                     cstackBANK0  04F
Delay_ms@x                     cstackBANK0  04E
Delay_us@i                     cstackBANK0  04C
Delay_us@j                     cstackBANK0  04D
Delay_us@x                     cstackBANK0  04B
RF_RX_Data@rx_buff             cstackBANK0  056
RF_Read_Buff@Len               cstackBANK0  04E
RF_Read_Buff@RF_Reg            cstackBANK0  050
RF_Read_Buff@i                 cstackBANK0  051
RF_Read_Buff@pBuff             cstackBANK0  04D
RF_Rx_Mode@Mode_Buff           cstackBANK0  053
RF_SPI_Read_Byte@buff          cstackBANK0  04B
RF_SPI_Read_Byte@i             cstackBANK0  04C
RF_SPI_Read_Reg@RF_Reg         cstackBANK0  04D
RF_SPI_Read_Reg@rTemp          cstackBANK0  04E
RF_SPI_Write_Byte@buff         cstackBANK0  04B
RF_SPI_Write_Byte@i            cstackBANK0  04C
RF_SPI_Write_Reg@RF_Reg        cstackBANK0  04E
RF_SPI_Write_Reg@W_Data        cstackBANK0  04D
RF_Set_Address@AddrBuff        cstackBANK0  053
RF_Set_Chn@Chn                 cstackBANK0  04F
RF_Set_Chn@temp                cstackBANK0  050
RF_Set_Power@Power             cstackBANK0  053
RF_Set_Power@Power_Buff        cstackBANK0  054
RF_Write_Buff@Len              cstackBANK0  04E
RF_Write_Buff@RF_Reg           cstackBANK0  050
RF_Write_Buff@i                cstackBANK0  052
RF_Write_Buff@pBuff            cstackBANK0  04D
RF_Write_Buff@rTemp            cstackBANK0  051
XL2400T_Init@gRfBuffer         cstackBANK0  057
_Delay_1ms                     text4        7C6
_Delay_3us                     text27       772
_Delay_ms                      text13       795
_Delay_us                      text14       758
_GIE                           (abs)        05F
_INTCON                        (abs)        00B
_INT_Isr                       text32       1CD
_IOCA                          (abs)        089
_IOCB                          (abs)        009
_Init_System                   text6        5AA
_Key_Check_Time                text34       6B0
_Key_Event                     text26       634
_Key_Scan                      text25       544
_Led_Color_Prg                 text28       3C1
_ODCONA                        (abs)        08C
_ODCONB                        (abs)        00C
_OPTION_REG                    (abs)        001
_OSCCON                        (abs)        014
_PIE1                          (abs)        00E
_PIR1                          (abs)        00D
_PORTB                         (abs)        006
_PR2                           (abs)        011
_PWMCON0                       (abs)        015
_PWMCON1                       (abs)        016
_PWMCON2                       (abs)        01D
_PWMD01H                       (abs)        01E
_PWMD1L                        (abs)        01A
_PWMD23H                       (abs)        09E
_PWMD2L                        (abs)        09B
_PWMD4L                        (abs)        01B
_PWMT4L                        (abs)        01C
_PWMTH                         (abs)        018
_PWMTL                         (abs)        017
_RB0                           (abs)        030
_RB4                           (abs)        034
_RB5                           (abs)        035
_RBIE                          (abs)        05B
_RBIF                          (abs)        058
_RF_CE_High                    text22       7C2
_RF_CE_Low                     text21       7BE
_RF_RX_Data                    text15       50D
_RF_Read_Buff                  text12       6F2
_RF_Refresh_State              text20       765
_RF_Rx_Mode                    text9        65C
_RF_SPI_Read_Byte              text19       717
_RF_SPI_Read_Reg               text18       7B0
_RF_SPI_Write_Byte             text24       6DD
_RF_SPI_Write_Reg              text23       7B7
_RF_Set_Address                text3        77F
_RF_Set_Chn                    text11       696
_RF_Set_Power                  text2        705
_RF_Test_Adrress               dataBANK1    0C2
_RF_Write_Buff                 text10       6C8
_Rand_num                      text7        78B
_Sleep_Mode                    text5        2D2
_Soft_Decode                   text16       032
_T2CON                         (abs)        013
_TMR2IE                        (abs)        071
_TMR2IF                        (abs)        069
_TRISA                         (abs)        085
_TRISB                         (abs)        005
_WPDA                          (abs)        087
_WPDB                          (abs)        007
_WPUA                          (abs)        088
_WPUB                          (abs)        008
_XL2400T_Init                  text1        435
__Habs1                        abs1         000
__Hbank0                       bank0        000
__Hbank1                       bank1        000
__HbssBANK0                    bssBANK0     000
__HbssBANK1                    bssBANK1     000
__Hcinit                       cinit        032
__Hclrtext                     clrtext      000
__Hcode                        code         000
__Hcommon                      common       000
__Hconfig                      config       000
__HcstackBANK0                 cstackBANK0  000
__HcstackCOMMON                cstackCOMMON 000
__HdataBANK0                   dataBANK0    000
__HdataBANK1                   dataBANK1    000
__HdataCOMMON                  dataCOMMON   000
__Heeprom_data                 eeprom_data  000
__Hend_init                    end_init     00D
__Hfunctab                     functab      000
__HidataBANK0                  idataBANK0   000
__HidataBANK1                  idataBANK1   000
__HidataCOMMON                 idataCOMMON  000
__Hidloc                       idloc        000
__Hinit                        init         00C
__Hinittext                    inittext     000
__Hintentry                    intentry     00C
__Hmaintext                    maintext     000
__Hpowerup                     powerup      000
__Hram                         ram          000
__Hreset_vec                   reset_vec    001
__Hsfr0                        sfr0         000
__Hsfr1                        sfr1         000
__Hspace_0                     (abs)        7C8
__Hspace_1                     (abs)        0C7
__Hspace_2                     (abs)        000
__Hspace_3                     (abs)        000
__Hstack                       stack        000
__Hstrings                     strings      000
__Htext                        text         000
__Labs1                        abs1         000
__Lbank0                       bank0        000
__Lbank1                       bank1        000
__LbssBANK0                    bssBANK0     000
__LbssBANK1                    bssBANK1     000
__Lcinit                       cinit        00D
__Lclrtext                     clrtext      000
__Lcode                        code         000
__Lcommon                      common       000
__Lconfig                      config       000
__LcstackBANK0                 cstackBANK0  000
__LcstackCOMMON                cstackCOMMON 000
__LdataBANK0                   dataBANK0    000
__LdataBANK1                   dataBANK1    000
__LdataCOMMON                  dataCOMMON   000
__Leeprom_data                 eeprom_data  000
__Lend_init                    end_init     00C
__Lfunctab                     functab      000
__LidataBANK0                  idataBANK0   000
__LidataBANK1                  idataBANK1   000
__LidataCOMMON                 idataCOMMON  000
__Lidloc                       idloc        000
__Linit                        init         00C
__Linittext                    inittext     000
__Lintentry                    intentry     004
__Lmaintext                    maintext     000
__Lpowerup                     powerup      000
__Lram                         ram          000
__Lreset_vec                   reset_vec    000
__Lsfr0                        sfr0         000
__Lsfr1                        sfr1         000
__Lspace_0                     (abs)        000
__Lspace_1                     (abs)        000
__Lspace_2                     (abs)        000
__Lspace_3                     (abs)        000
__Lstack                       stack        000
__Lstrings                     strings      000
__Ltext                        text         000
__S0                           (abs)        7C8
__S1                           (abs)        0C7
__S2                           (abs)        000
___awmod                       text17       4D0
___awmod@counter               cstackBANK0  04F
___awmod@dividend              cstackBANK0  04D
___awmod@divisor               cstackBANK0  04B
___awmod@sign                  cstackBANK0  050
___int_sp                      stack        000
___latbits                     (abs)        000
___lbdiv                       text33       67B
___lbdiv@counter               cstackCOMMON 072
___lbdiv@dividend              cstackCOMMON 071
___lbdiv@divisor               cstackCOMMON 070
___lbdiv@quotient              cstackCOMMON 073
___lldiv                       text31       488
___lldiv@counter               cstackBANK0  063
___lldiv@dividend              cstackBANK0  05B
___lldiv@divisor               cstackBANK0  057
___lldiv@quotient              cstackBANK0  05F
___lmul                        text30       577
___lmul@multiplicand           cstackBANK0  04F
___lmul@multiplier             cstackBANK0  04B
___lmul@product                cstackBANK0  053
___sp                          stack        000
__end_of_Delay_1ms             text4        7C8
__end_of_Delay_3us             text27       77F
__end_of_Delay_ms              text13       79F
__end_of_Delay_us              text14       765
__end_of_INT_Isr               text32       2D2
__end_of_Init_System           text6        5DC
__end_of_Key_Check_Time        text34       6C8
__end_of_Key_Event             text26       65C
__end_of_Key_Scan              text25       577
__end_of_Led_Color_Prg         text28       435
__end_of_RF_CE_High            text22       7C6
__end_of_RF_CE_Low             text21       7C2
__end_of_RF_RX_Data            text15       544
__end_of_RF_Read_Buff          text12       705
__end_of_RF_Refresh_State      text20       772
__end_of_RF_Rx_Mode            text9        67B
__end_of_RF_SPI_Read_Byte      text19       729
__end_of_RF_SPI_Read_Reg       text18       7B7
__end_of_RF_SPI_Write_Byte     text24       6F2
__end_of_RF_SPI_Write_Reg      text23       7BE
__end_of_RF_Set_Address        text3        78B
__end_of_RF_Set_Chn            text11       6B0
__end_of_RF_Set_Power          text2        717
__end_of_RF_Write_Buff         text10       6DD
__end_of_Rand_num              text7        795
__end_of_Sleep_Mode            text5        34C
__end_of_Soft_Decode           text16       1CD
__end_of_XL2400T_Init          text1        488
__end_of___awmod               text17       50D
__end_of___lbdiv               text33       696
__end_of___lldiv               text31       4D0
__end_of___lmul                text30       5AA
__end_of__initialization       cinit        030
__end_of_main                  maintext     7A8
__end_of_map_0_255_to_1000_0   text29       3C1
__end_of_rand                  text8        609
__initialization               cinit        00D
__pbssBANK0                    bssBANK0     069
__pbssBANK1                    bssBANK1     0A0
__pcstackBANK0                 cstackBANK0  04B
__pcstackCOMMON                cstackCOMMON 070
__pdataBANK0                   dataBANK0    020
__pdataBANK1                   dataBANK1    0C2
__pdataCOMMON                  dataCOMMON   077
__pidataBANK0                  idataBANK0   609
__pidataBANK1                  idataBANK1   000
__pidataCOMMON                 idataCOMMON  000
__pintentry                    intentry     004
__pmaintext                    maintext     79F
__pswtext1                     swtext1      729
__pswtext2                     swtext2      739
__ptext1                       text1        435
__ptext10                      text10       6C8
__ptext11                      text11       696
__ptext12                      text12       6F2
__ptext13                      text13       795
__ptext14                      text14       758
__ptext15                      text15       50D
__ptext16                      text16       032
__ptext17                      text17       4D0
__ptext18                      text18       7B0
__ptext19                      text19       717
__ptext2                       text2        705
__ptext20                      text20       765
__ptext21                      text21       7BE
__ptext22                      text22       7C2
__ptext23                      text23       7B7
__ptext24                      text24       6DD
__ptext25                      text25       544
__ptext26                      text26       634
__ptext27                      text27       772
__ptext28                      text28       3C1
__ptext29                      text29       34C
__ptext3                       text3        77F
__ptext30                      text30       577
__ptext31                      text31       488
__ptext32                      text32       1CD
__ptext33                      text33       67B
__ptext34                      text34       6B0
__ptext4                       text4        7C6
__ptext5                       text5        2D2
__ptext6                       text6        5AA
__ptext7                       text7        78B
__ptext8                       text8        5DC
__ptext9                       text9        65C
__size_of_Delay_1ms            (abs)        000
__size_of_Delay_3us            (abs)        000
__size_of_Delay_ms             (abs)        000
__size_of_Delay_us             (abs)        000
__size_of_INT_Isr              (abs)        000
__size_of_Init_System          (abs)        000
__size_of_Key_Check_Time       (abs)        000
__size_of_Key_Event            (abs)        000
__size_of_Key_Scan             (abs)        000
__size_of_Led_Color_Prg        (abs)        000
__size_of_RF_CE_High           (abs)        000
__size_of_RF_CE_Low            (abs)        000
__size_of_RF_RX_Data           (abs)        000
__size_of_RF_Read_Buff         (abs)        000
__size_of_RF_Refresh_State     (abs)        000
__size_of_RF_Rx_Mode           (abs)        000
__size_of_RF_SPI_Read_Byte     (abs)        000
__size_of_RF_SPI_Read_Reg      (abs)        000
__size_of_RF_SPI_Write_Byte    (abs)        000
__size_of_RF_SPI_Write_Reg     (abs)        000
__size_of_RF_Set_Address       (abs)        000
__size_of_RF_Set_Chn           (abs)        000
__size_of_RF_Set_Power         (abs)        000
__size_of_RF_Write_Buff        (abs)        000
__size_of_Rand_num             (abs)        000
__size_of_Sleep_Mode           (abs)        000
__size_of_Soft_Decode          (abs)        000
__size_of_XL2400T_Init         (abs)        000
__size_of___awmod              (abs)        000
__size_of___lbdiv              (abs)        000
__size_of___lldiv              (abs)        000
__size_of___lmul               (abs)        000
__size_of_main                 (abs)        000
__size_of_map_0_255_to_1000_0  (abs)        000
__size_of_rand                 (abs)        000
_key_control                   bssBANK0     069
_led_control                   dataBANK0    020
_main                          maintext     79F
_map_0_255_to_1000_0           text29       34C
_rand                          text8        5DC
_randx                         dataBANK0    047
_sleep_control                 dataCOMMON   077
_soft_data                     bssBANK1     0A0
_soft_recieve_control          dataBANK0    036
btemp                          (abs)        07E
clear_ram0                     clrtext      7A8
end_of_initialization          cinit        030
init_fetch0                    inittext     749
init_ram0                      inittext     74D
interrupt_function             intentry     004
intlevel0                      functab      000
intlevel1                      functab      000
intlevel2                      functab      000
intlevel3                      functab      000
intlevel4                      functab      000
intlevel5                      functab      000
map_0_255_to_1000_0@blue_duty  cstackBANK0  065
map_0_255_to_1000_0@duty_10bit cstackBANK0  067
map_0_255_to_1000_0@green_duty cstackBANK0  064
map_0_255_to_1000_0@red_duty   cstackBANK0  066
reset_vec                      reset_vec    000
saved_w                        (abs)        07E
stackhi                        (abs)        000
stacklo                        (abs)        000
start                          init         00C
start_initialization           cinit        00D
wtemp0                         (abs)        07E


FUNCTION INFORMATION:

 *************** function _main *****************
 Defined at:
		line 9 in file "D:\QW\QW-项目\QW-247\程序\手环-中微-程序-16通道-2.4G\QW-247_SC8F054_V1.0_16M2T_16Channel\SC8F054_main.c"
 Parameters:    Size  Location     Type
		None
 Auto vars:     Size  Location     Type
		None
 Return value:  Size  Location     Type
                  1    wreg      void 
 Registers used:
		wreg, fsr0l, fsr0h, status,2, status,0, btemp+1, pclath, cstack
 Tracked objects:
		On entry : 
		On exit  : 
		Unchanged: 
 Data sizes:     COMMON   BANK0   BANK1
      Params:         0       0       0
      Locals:         0       0       0
      Temps:          0       0       0
      Totals:         0       0       0
Total ram usage:        0 bytes
 Hardware stack levels required when called:    6
 This function calls:
		_Init_System
		_Led_Color_Prg
		_RF_RX_Data
		_RF_Rx_Mode
		_Rand_num
		_Sleep_Mode
		_XL2400T_Init
 This function is called by:
		Startup code after reset
 This function uses a non-reentrant model


 *************** function _XL2400T_Init *****************
 Defined at:
		line 317 in file "D:\QW\QW-项目\QW-247\程序\手环-中微-程序-16通道-2.4G\QW-247_SC8F054_V1.0_16M2T_16Channel\SC8F054_xl2400t.c"
 Parameters:    Size  Location     Type
		None
 Auto vars:     Size  Location     Type
  gRfBuffer       8   12[BANK0 ] unsigned char [8]
  dat             1    0        unsigned char 
 Return value:  Size  Location     Type
                  1    wreg      void 
 Registers used:
		wreg, fsr0l, fsr0h, status,2, status,0, btemp+1, pclath, cstack
 Tracked objects:
		On entry : 
		On exit  : 
		Unchanged: 
 Data sizes:     COMMON   BANK0   BANK1
      Params:         0       0       0
      Locals:         0       8       0
      Temps:          0       0       0
      Totals:         0       8       0
Total ram usage:        8 bytes
 Hardware stack levels used:    1
 Hardware stack levels required when called:    5
 This function calls:
		_Delay_1ms
		_Delay_ms
		_RF_Read_Buff
		_RF_SPI_Write_Reg
		_RF_Set_Address
		_RF_Set_Power
		_RF_Write_Buff
 This function is called by:
		_main
 This function uses a non-reentrant model


 *************** function _RF_Set_Power *****************
 Defined at:
		line 195 in file "D:\QW\QW-项目\QW-247\程序\手环-中微-程序-16通道-2.4G\QW-247_SC8F054_V1.0_16M2T_16Channel\SC8F054_xl2400t.c"
 Parameters:    Size  Location     Type
  Power           1    wreg     unsigned char 
 Auto vars:     Size  Location     Type
  Power           1    8[BANK0 ] unsigned char 
  Power_Buff      3    9[BANK0 ] unsigned char [3]
 Return value:  Size  Location     Type
                  1    wreg      void 
 Registers used:
		wreg, fsr0l, fsr0h, status,2, status,0, pclath, cstack
 Tracked objects:
		On entry : 
		On exit  : 
		Unchanged: 
 Data sizes:     COMMON   BANK0   BANK1
      Params:         0       0       0
      Locals:         0       4       0
      Temps:          0       0       0
      Totals:         0       4       0
Total ram usage:        4 bytes
 Hardware stack levels used:    1
 Hardware stack levels required when called:    4
 This function calls:
		_RF_Read_Buff
		_RF_Write_Buff
 This function is called by:
		_XL2400T_Init
 This function uses a non-reentrant model


 *************** function _RF_Set_Address *****************
 Defined at:
		line 175 in file "D:\QW\QW-项目\QW-247\程序\手环-中微-程序-16通道-2.4G\QW-247_SC8F054_V1.0_16M2T_16Channel\SC8F054_xl2400t.c"
 Parameters:    Size  Location     Type
  AddrBuff        1    wreg     PTR unsigned char 
		 -> RF_Test_Adrress(5), 
 Auto vars:     Size  Location     Type
  AddrBuff        1    8[BANK0 ] PTR unsigned char 
		 -> RF_Test_Adrress(5), 
 Return value:  Size  Location     Type
                  1    wreg      void 
 Registers used:
		wreg, fsr0l, fsr0h, status,2, status,0, pclath, cstack
 Tracked objects:
		On entry : 
		On exit  : 
		Unchanged: 
 Data sizes:     COMMON   BANK0   BANK1
      Params:         0       0       0
      Locals:         0       1       0
      Temps:          0       0       0
      Totals:         0       1       0
Total ram usage:        1 bytes
 Hardware stack levels used:    1
 Hardware stack levels required when called:    4
 This function calls:
		_RF_Write_Buff
 This function is called by:
		_XL2400T_Init
 This function uses a non-reentrant model


 *************** function _Delay_1ms *****************
 Defined at:
		line 174 in file "D:\QW\QW-项目\QW-247\程序\手环-中微-程序-16通道-2.4G\QW-247_SC8F054_V1.0_16M2T_16Channel\SC8F054_init.c"
 Parameters:    Size  Location     Type
		None
 Auto vars:     Size  Location     Type
		None
 Return value:  Size  Location     Type
                  1    wreg      void 
 Registers used:
		wreg, status,2, status,0, pclath, cstack
 Tracked objects:
		On entry : 
		On exit  : 
		Unchanged: 
 Data sizes:     COMMON   BANK0   BANK1
      Params:         0       0       0
      Locals:         0       0       0
      Temps:          0       0       0
      Totals:         0       0       0
Total ram usage:        0 bytes
 Hardware stack levels used:    1
 Hardware stack levels required when called:    3
 This function calls:
		_Delay_us
 This function is called by:
		_XL2400T_Init
 This function uses a non-reentrant model


 *************** function _Sleep_Mode *****************
 Defined at:
		line 69 in file "D:\QW\QW-项目\QW-247\程序\手环-中微-程序-16通道-2.4G\QW-247_SC8F054_V1.0_16M2T_16Channel\SC8F054_init.c"
 Parameters:    Size  Location     Type
		None
 Auto vars:     Size  Location     Type
		None
 Return value:  Size  Location     Type
                  1    wreg      void 
 Registers used:
		wreg, status,2, status,0, pclath, cstack
 Tracked objects:
		On entry : 
		On exit  : 
		Unchanged: 
 Data sizes:     COMMON   BANK0   BANK1
      Params:         0       0       0
      Locals:         0       0       0
      Temps:          0       0       0
      Totals:         0       0       0
Total ram usage:        0 bytes
 Hardware stack levels used:    1
 Hardware stack levels required when called:    5
 This function calls:
		_Init_System
		_RF_CE_Low
		_RF_SPI_Write_Reg
 This function is called by:
		_main
 This function uses a non-reentrant model


 *************** function _Init_System *****************
 Defined at:
		line 12 in file "D:\QW\QW-项目\QW-247\程序\手环-中微-程序-16通道-2.4G\QW-247_SC8F054_V1.0_16M2T_16Channel\SC8F054_init.c"
 Parameters:    Size  Location     Type
		None
 Auto vars:     Size  Location     Type
		None
 Return value:  Size  Location     Type
                  1    wreg      void 
 Registers used:
		wreg, status,2
 Tracked objects:
		On entry : 
		On exit  : 
		Unchanged: 
 Data sizes:     COMMON   BANK0   BANK1
      Params:         0       0       0
      Locals:         0       0       0
      Temps:          0       0       0
      Totals:         0       0       0
Total ram usage:        0 bytes
 Hardware stack levels used:    1
 Hardware stack levels required when called:    2
 This function calls:
		Nothing
 This function is called by:
		_main
		_Sleep_Mode
 This function uses a non-reentrant model


 *************** function _Rand_num *****************
 Defined at:
		line 31 in file "D:\QW\QW-项目\QW-247\程序\手环-中微-程序-16通道-2.4G\QW-247_SC8F054_V1.0_16M2T_16Channel\SC8F054_main.c"
 Parameters:    Size  Location     Type
		None
 Auto vars:     Size  Location     Type
		None
 Return value:  Size  Location     Type
                  1    wreg      void 
 Registers used:
		wreg, status,2, status,0, pclath, cstack
 Tracked objects:
		On entry : 
		On exit  : 
		Unchanged: 
 Data sizes:     COMMON   BANK0   BANK1
      Params:         0       0       0
      Locals:         0       0       0
      Temps:          0       0       0
      Totals:         0       0       0
Total ram usage:        0 bytes
 Hardware stack levels used:    1
 Hardware stack levels required when called:    4
 This function calls:
		_rand
 This function is called by:
		_main
 This function uses a non-reentrant model


 *************** function _rand *****************
 Defined at:
		line 12 in file "D:\QW\QW-中微\SC8F054_DK\IDE\SCMCU_IDE_V2.00.17_Beta3\data\sources\common\rand.c"
 Parameters:    Size  Location     Type
		None
 Auto vars:     Size  Location     Type
		None
 Return value:  Size  Location     Type
                  2   12[BANK0 ] int 
 Registers used:
		wreg, status,2, status,0, pclath, cstack
 Tracked objects:
		On entry : 
		On exit  : 
		Unchanged: 
 Data sizes:     COMMON   BANK0   BANK1
      Params:         0       2       0
      Locals:         0       0       0
      Temps:          0       0       0
      Totals:         0       2       0
Total ram usage:        2 bytes
 Hardware stack levels used:    1
 Hardware stack levels required when called:    3
 This function calls:
		___lmul
 This function is called by:
		_Rand_num
 This function uses a non-reentrant model


 *************** function _RF_Rx_Mode *****************
 Defined at:
		line 221 in file "D:\QW\QW-项目\QW-247\程序\手环-中微-程序-16通道-2.4G\QW-247_SC8F054_V1.0_16M2T_16Channel\SC8F054_xl2400t.c"
 Parameters:    Size  Location     Type
		None
 Auto vars:     Size  Location     Type
  Mode_Buff       3    8[BANK0 ] unsigned char [3]
 Return value:  Size  Location     Type
                  1    wreg      void 
 Registers used:
		wreg, fsr0l, fsr0h, status,2, status,0, pclath, cstack
 Tracked objects:
		On entry : 
		On exit  : 
		Unchanged: 
 Data sizes:     COMMON   BANK0   BANK1
      Params:         0       0       0
      Locals:         0       3       0
      Temps:          0       0       0
      Totals:         0       3       0
Total ram usage:        3 bytes
 Hardware stack levels used:    1
 Hardware stack levels required when called:    5
 This function calls:
		_Delay_ms
		_RF_CE_High
		_RF_Read_Buff
		_RF_Refresh_State
		_RF_Set_Chn
		_RF_Write_Buff
 This function is called by:
		_main
 This function uses a non-reentrant model


 *************** function _RF_Write_Buff *****************
 Defined at:
		line 94 in file "D:\QW\QW-项目\QW-247\程序\手环-中微-程序-16通道-2.4G\QW-247_SC8F054_V1.0_16M2T_16Channel\SC8F054_xl2400t.c"
 Parameters:    Size  Location     Type
  RF_Reg          1    wreg     unsigned char 
  pBuff           1    2[BANK0 ] PTR unsigned char 
		 -> RF_Test_Adrress(5), XL2400T_Init@gRfBuffer(8), RF_Rx_Mode@Mode_Buff(3), RF_Tx_Mode@Mode_Buff(3), 
		 -> RF_Set_Power@Power_Buff(3), 
  Len             1    3[BANK0 ] unsigned char 
 Auto vars:     Size  Location     Type
  RF_Reg          1    5[BANK0 ] unsigned char 
  i               1    7[BANK0 ] unsigned char 
  rTemp           1    6[BANK0 ] unsigned char 
 Return value:  Size  Location     Type
                  1    wreg      void 
 Registers used:
		wreg, fsr0l, fsr0h, status,2, status,0, pclath, cstack
 Tracked objects:
		On entry : 
		On exit  : 
		Unchanged: 
 Data sizes:     COMMON   BANK0   BANK1
      Params:         0       2       0
      Locals:         0       3       0
      Temps:          0       1       0
      Totals:         0       6       0
Total ram usage:        6 bytes
 Hardware stack levels used:    1
 Hardware stack levels required when called:    3
 This function calls:
		_RF_SPI_Write_Byte
 This function is called by:
		_RF_Set_Address
		_RF_Set_Power
		_RF_Rx_Mode
		_XL2400T_Init
 This function uses a non-reentrant model


 *************** function _RF_Set_Chn *****************
 Defined at:
		line 159 in file "D:\QW\QW-项目\QW-247\程序\手环-中微-程序-16通道-2.4G\QW-247_SC8F054_V1.0_16M2T_16Channel\SC8F054_xl2400t.c"
 Parameters:    Size  Location     Type
  Chn             1    wreg     unsigned char 
 Auto vars:     Size  Location     Type
  Chn             1    4[BANK0 ] unsigned char 
  temp            2    5[BANK0 ] unsigned int 
 Return value:  Size  Location     Type
                  1    wreg      void 
 Registers used:
		wreg, status,2, status,0, pclath, cstack
 Tracked objects:
		On entry : 
		On exit  : 
		Unchanged: 
 Data sizes:     COMMON   BANK0   BANK1
      Params:         0       0       0
      Locals:         0       3       0
      Temps:          0       0       0
      Totals:         0       3       0
Total ram usage:        3 bytes
 Hardware stack levels used:    1
 Hardware stack levels required when called:    4
 This function calls:
		_RF_SPI_Read_Reg
		_RF_SPI_Write_Reg
 This function is called by:
		_RF_Rx_Mode
 This function uses a non-reentrant model


 *************** function _RF_Read_Buff *****************
 Defined at:
		line 115 in file "D:\QW\QW-项目\QW-247\程序\手环-中微-程序-16通道-2.4G\QW-247_SC8F054_V1.0_16M2T_16Channel\SC8F054_xl2400t.c"
 Parameters:    Size  Location     Type
  RF_Reg          1    wreg     unsigned char 
  pBuff           1    2[BANK0 ] PTR unsigned char 
		 -> XL2400T_Init@gRfBuffer(8), RF_Rx_Mode@Mode_Buff(3), RF_Tx_Mode@Mode_Buff(3), RF_Set_Power@Power_Buff(3), 
  Len             1    3[BANK0 ] unsigned char 
 Auto vars:     Size  Location     Type
  RF_Reg          1    5[BANK0 ] unsigned char 
  i               1    6[BANK0 ] unsigned char 
 Return value:  Size  Location     Type
                  1    wreg      void 
 Registers used:
		wreg, fsr0l, fsr0h, status,2, status,0, pclath, cstack
 Tracked objects:
		On entry : 
		On exit  : 
		Unchanged: 
 Data sizes:     COMMON   BANK0   BANK1
      Params:         0       2       0
      Locals:         0       2       0
      Temps:          0       1       0
      Totals:         0       5       0
Total ram usage:        5 bytes
 Hardware stack levels used:    1
 Hardware stack levels required when called:    3
 This function calls:
		_RF_SPI_Read_Byte
		_RF_SPI_Write_Byte
 This function is called by:
		_RF_Set_Power
		_RF_Rx_Mode
		_XL2400T_Init
 This function uses a non-reentrant model


 *************** function _Delay_ms *****************
 Defined at:
		line 179 in file "D:\QW\QW-项目\QW-247\程序\手环-中微-程序-16通道-2.4G\QW-247_SC8F054_V1.0_16M2T_16Channel\SC8F054_init.c"
 Parameters:    Size  Location     Type
  x               1    wreg     unsigned char 
 Auto vars:     Size  Location     Type
  x               1    3[BANK0 ] unsigned char 
  i               1    4[BANK0 ] unsigned char 
 Return value:  Size  Location     Type
                  1    wreg      void 
 Registers used:
		wreg, status,2, status,0, pclath, cstack
 Tracked objects:
		On entry : 
		On exit  : 
		Unchanged: 
 Data sizes:     COMMON   BANK0   BANK1
      Params:         0       0       0
      Locals:         0       2       0
      Temps:          0       0       0
      Totals:         0       2       0
Total ram usage:        2 bytes
 Hardware stack levels used:    1
 Hardware stack levels required when called:    3
 This function calls:
		_Delay_us
 This function is called by:
		_RF_Rx_Mode
		_XL2400T_Init
 This function uses a non-reentrant model


 *************** function _Delay_us *****************
 Defined at:
		line 164 in file "D:\QW\QW-项目\QW-247\程序\手环-中微-程序-16通道-2.4G\QW-247_SC8F054_V1.0_16M2T_16Channel\SC8F054_init.c"
 Parameters:    Size  Location     Type
  x               1    wreg     unsigned char 
 Auto vars:     Size  Location     Type
  x               1    0[BANK0 ] unsigned char 
  j               1    2[BANK0 ] unsigned char 
  i               1    1[BANK0 ] unsigned char 
 Return value:  Size  Location     Type
                  1    wreg      void 
 Registers used:
		wreg, status,2, status,0
 Tracked objects:
		On entry : 
		On exit  : 
		Unchanged: 
 Data sizes:     COMMON   BANK0   BANK1
      Params:         0       0       0
      Locals:         0       3       0
      Temps:          0       0       0
      Totals:         0       3       0
Total ram usage:        3 bytes
 Hardware stack levels used:    1
 Hardware stack levels required when called:    2
 This function calls:
		Nothing
 This function is called by:
		_Delay_1ms
		_Delay_ms
 This function uses a non-reentrant model


 *************** function _RF_RX_Data *****************
 Defined at:
		line 285 in file "D:\QW\QW-项目\QW-247\程序\手环-中微-程序-16通道-2.4G\QW-247_SC8F054_V1.0_16M2T_16Channel\SC8F054_xl2400t.c"
 Parameters:    Size  Location     Type
  rx_buff         1    wreg     PTR unsigned char 
		 -> soft_data(34), 
 Auto vars:     Size  Location     Type
  rx_buff         1   11[BANK0 ] PTR unsigned char 
		 -> soft_data(34), 
 Return value:  Size  Location     Type
                  1    wreg      unsigned char 
 Registers used:
		wreg, fsr0l, fsr0h, status,2, status,0, pclath, cstack
 Tracked objects:
		On entry : 
		On exit  : 
		Unchanged: 
 Data sizes:     COMMON   BANK0   BANK1
      Params:         0       0       0
      Locals:         0       1       0
      Temps:          0       0       0
      Totals:         0       1       0
Total ram usage:        1 bytes
 Hardware stack levels used:    1
 Hardware stack levels required when called:    5
 This function calls:
		_Delay_3us
		_Key_Event
		_Key_Scan
		_RF_CE_High
		_RF_CE_Low
		_RF_Refresh_State
		_RF_SPI_Read_Byte
		_RF_SPI_Read_Reg
		_RF_SPI_Write_Byte
		_Soft_Decode
 This function is called by:
		_main
 This function uses a non-reentrant model


 *************** function _Soft_Decode *****************
 Defined at:
		line 14 in file "D:\QW\QW-项目\QW-247\程序\手环-中微-程序-16通道-2.4G\QW-247_SC8F054_V1.0_16M2T_16Channel\SC8F054_soft.c"
 Parameters:    Size  Location     Type
		None
 Auto vars:     Size  Location     Type
		None
 Return value:  Size  Location     Type
                  1    wreg      void 
 Registers used:
		wreg, status,2, status,0, pclath, cstack
 Tracked objects:
		On entry : 
		On exit  : 
		Unchanged: 
 Data sizes:     COMMON   BANK0   BANK1
      Params:         0       0       0
      Locals:         0       0       0
      Temps:          0       5       0
      Totals:         0       5       0
Total ram usage:        5 bytes
 Hardware stack levels used:    1
 Hardware stack levels required when called:    3
 This function calls:
		___awmod
 This function is called by:
		_RF_RX_Data
 This function uses a non-reentrant model


 *************** function ___awmod *****************
 Defined at:
		line 6 in file "D:\QW\QW-中微\SC8F054_DK\IDE\SCMCU_IDE_V2.00.17_Beta3\data\sources\common\awmod.c"
 Parameters:    Size  Location     Type
  divisor         2    0[BANK0 ] int 
  dividend        2    2[BANK0 ] int 
 Auto vars:     Size  Location     Type
  sign            1    5[BANK0 ] unsigned char 
  counter         1    4[BANK0 ] unsigned char 
 Return value:  Size  Location     Type
                  2    0[BANK0 ] int 
 Registers used:
		wreg, status,2, status,0
 Tracked objects:
		On entry : 
		On exit  : 
		Unchanged: 
 Data sizes:     COMMON   BANK0   BANK1
      Params:         0       4       0
      Locals:         0       2       0
      Temps:          0       0       0
      Totals:         0       6       0
Total ram usage:        6 bytes
 Hardware stack levels used:    1
 Hardware stack levels required when called:    2
 This function calls:
		Nothing
 This function is called by:
		_Soft_Decode
 This function uses a non-reentrant model


 *************** function _RF_SPI_Read_Reg *****************
 Defined at:
		line 78 in file "D:\QW\QW-项目\QW-247\程序\手环-中微-程序-16通道-2.4G\QW-247_SC8F054_V1.0_16M2T_16Channel\SC8F054_xl2400t.c"
 Parameters:    Size  Location     Type
  RF_Reg          1    wreg     unsigned char 
 Auto vars:     Size  Location     Type
  RF_Reg          1    2[BANK0 ] unsigned char 
  rTemp           1    3[BANK0 ] unsigned char 
 Return value:  Size  Location     Type
                  1    wreg      unsigned char 
 Registers used:
		wreg, status,2, status,0, pclath, cstack
 Tracked objects:
		On entry : 
		On exit  : 
		Unchanged: 
 Data sizes:     COMMON   BANK0   BANK1
      Params:         0       0       0
      Locals:         0       2       0
      Temps:          0       0       0
      Totals:         0       2       0
Total ram usage:        2 bytes
 Hardware stack levels used:    1
 Hardware stack levels required when called:    3
 This function calls:
		_RF_SPI_Read_Byte
		_RF_SPI_Write_Byte
 This function is called by:
		_RF_Set_Chn
		_RF_RX_Data
 This function uses a non-reentrant model


 *************** function _RF_SPI_Read_Byte *****************
 Defined at:
		line 40 in file "D:\QW\QW-项目\QW-247\程序\手环-中微-程序-16通道-2.4G\QW-247_SC8F054_V1.0_16M2T_16Channel\SC8F054_xl2400t.c"
 Parameters:    Size  Location     Type
		None
 Auto vars:     Size  Location     Type
  i               1    1[BANK0 ] unsigned char 
  buff            1    0[BANK0 ] unsigned char 
 Return value:  Size  Location     Type
                  1    wreg      unsigned char 
 Registers used:
		wreg, status,2, status,0
 Tracked objects:
		On entry : 
		On exit  : 
		Unchanged: 
 Data sizes:     COMMON   BANK0   BANK1
      Params:         0       0       0
      Locals:         0       2       0
      Temps:          0       0       0
      Totals:         0       2       0
Total ram usage:        2 bytes
 Hardware stack levels used:    1
 Hardware stack levels required when called:    2
 This function calls:
		Nothing
 This function is called by:
		_RF_SPI_Read_Reg
		_RF_Read_Buff
		_RF_RX_Data
 This function uses a non-reentrant model


 *************** function _RF_Refresh_State *****************
 Defined at:
		line 148 in file "D:\QW\QW-项目\QW-247\程序\手环-中微-程序-16通道-2.4G\QW-247_SC8F054_V1.0_16M2T_16Channel\SC8F054_xl2400t.c"
 Parameters:    Size  Location     Type
		None
 Auto vars:     Size  Location     Type
		None
 Return value:  Size  Location     Type
                  1    wreg      void 
 Registers used:
		wreg, status,2, status,0, pclath, cstack
 Tracked objects:
		On entry : 
		On exit  : 
		Unchanged: 
 Data sizes:     COMMON   BANK0   BANK1
      Params:         0       0       0
      Locals:         0       0       0
      Temps:          0       0       0
      Totals:         0       0       0
Total ram usage:        0 bytes
 Hardware stack levels used:    1
 Hardware stack levels required when called:    4
 This function calls:
		_RF_SPI_Write_Reg
 This function is called by:
		_RF_Rx_Mode
		_RF_RX_Data
 This function uses a non-reentrant model


 *************** function _RF_CE_Low *****************
 Defined at:
		line 138 in file "D:\QW\QW-项目\QW-247\程序\手环-中微-程序-16通道-2.4G\QW-247_SC8F054_V1.0_16M2T_16Channel\SC8F054_xl2400t.c"
 Parameters:    Size  Location     Type
		None
 Auto vars:     Size  Location     Type
		None
 Return value:  Size  Location     Type
                  1    wreg      void 
 Registers used:
		wreg, status,2, status,0, pclath, cstack
 Tracked objects:
		On entry : 
		On exit  : 
		Unchanged: 
 Data sizes:     COMMON   BANK0   BANK1
      Params:         0       0       0
      Locals:         0       0       0
      Temps:          0       0       0
      Totals:         0       0       0
Total ram usage:        0 bytes
 Hardware stack levels used:    1
 Hardware stack levels required when called:    4
 This function calls:
		_RF_SPI_Write_Reg
 This function is called by:
		_Sleep_Mode
		_RF_RX_Data
 This function uses a non-reentrant model


 *************** function _RF_CE_High *****************
 Defined at:
		line 130 in file "D:\QW\QW-项目\QW-247\程序\手环-中微-程序-16通道-2.4G\QW-247_SC8F054_V1.0_16M2T_16Channel\SC8F054_xl2400t.c"
 Parameters:    Size  Location     Type
		None
 Auto vars:     Size  Location     Type
		None
 Return value:  Size  Location     Type
                  1    wreg      void 
 Registers used:
		wreg, status,2, status,0, pclath, cstack
 Tracked objects:
		On entry : 
		On exit  : 
		Unchanged: 
 Data sizes:     COMMON   BANK0   BANK1
      Params:         0       0       0
      Locals:         0       0       0
      Temps:          0       0       0
      Totals:         0       0       0
Total ram usage:        0 bytes
 Hardware stack levels used:    1
 Hardware stack levels required when called:    4
 This function calls:
		_RF_SPI_Write_Reg
 This function is called by:
		_RF_Rx_Mode
		_RF_RX_Data
 This function uses a non-reentrant model


 *************** function _RF_SPI_Write_Reg *****************
 Defined at:
		line 65 in file "D:\QW\QW-项目\QW-247\程序\手环-中微-程序-16通道-2.4G\QW-247_SC8F054_V1.0_16M2T_16Channel\SC8F054_xl2400t.c"
 Parameters:    Size  Location     Type
  RF_Reg          1    wreg     unsigned char 
  W_Data          1    2[BANK0 ] unsigned char 
 Auto vars:     Size  Location     Type
  RF_Reg          1    3[BANK0 ] unsigned char 
 Return value:  Size  Location     Type
                  1    wreg      void 
 Registers used:
		wreg, status,2, status,0, pclath, cstack
 Tracked objects:
		On entry : 
		On exit  : 
		Unchanged: 
 Data sizes:     COMMON   BANK0   BANK1
      Params:         0       1       0
      Locals:         0       1       0
      Temps:          0       0       0
      Totals:         0       2       0
Total ram usage:        2 bytes
 Hardware stack levels used:    1
 Hardware stack levels required when called:    3
 This function calls:
		_RF_SPI_Write_Byte
 This function is called by:
		_Sleep_Mode
		_RF_CE_High
		_RF_CE_Low
		_RF_Refresh_State
		_RF_Set_Chn
		_XL2400T_Init
 This function uses a non-reentrant model


 *************** function _RF_SPI_Write_Byte *****************
 Defined at:
		line 11 in file "D:\QW\QW-项目\QW-247\程序\手环-中微-程序-16通道-2.4G\QW-247_SC8F054_V1.0_16M2T_16Channel\SC8F054_xl2400t.c"
 Parameters:    Size  Location     Type
  buff            1    wreg     unsigned char 
 Auto vars:     Size  Location     Type
  buff            1    0[BANK0 ] unsigned char 
  i               1    1[BANK0 ] unsigned char 
 Return value:  Size  Location     Type
                  1    wreg      void 
 Registers used:
		wreg, status,2, status,0
 Tracked objects:
		On entry : 
		On exit  : 
		Unchanged: 
 Data sizes:     COMMON   BANK0   BANK1
      Params:         0       0       0
      Locals:         0       2       0
      Temps:          0       0       0
      Totals:         0       2       0
Total ram usage:        2 bytes
 Hardware stack levels used:    1
 Hardware stack levels required when called:    2
 This function calls:
		Nothing
 This function is called by:
		_RF_SPI_Write_Reg
		_RF_SPI_Read_Reg
		_RF_Write_Buff
		_RF_Read_Buff
		_RF_RX_Data
 This function uses a non-reentrant model


 *************** function _Key_Scan *****************
 Defined at:
		line 9 in file "D:\QW\QW-项目\QW-247\程序\手环-中微-程序-16通道-2.4G\QW-247_SC8F054_V1.0_16M2T_16Channel\SC8F054_key.c"
 Parameters:    Size  Location     Type
		None
 Auto vars:     Size  Location     Type
		None
 Return value:  Size  Location     Type
                  1    wreg      void 
 Registers used:
		wreg, status,2
 Tracked objects:
		On entry : 
		On exit  : 
		Unchanged: 
 Data sizes:     COMMON   BANK0   BANK1
      Params:         0       0       0
      Locals:         0       0       0
      Temps:          0       0       0
      Totals:         0       0       0
Total ram usage:        0 bytes
 Hardware stack levels used:    1
 Hardware stack levels required when called:    2
 This function calls:
		Nothing
 This function is called by:
		_RF_RX_Data
 This function uses a non-reentrant model


 *************** function _Key_Event *****************
 Defined at:
		line 65 in file "D:\QW\QW-项目\QW-247\程序\手环-中微-程序-16通道-2.4G\QW-247_SC8F054_V1.0_16M2T_16Channel\SC8F054_key.c"
 Parameters:    Size  Location     Type
		None
 Auto vars:     Size  Location     Type
		None
 Return value:  Size  Location     Type
                  1    wreg      void 
 Registers used:
		wreg, status,2, status,0
 Tracked objects:
		On entry : 
		On exit  : 
		Unchanged: 
 Data sizes:     COMMON   BANK0   BANK1
      Params:         0       0       0
      Locals:         0       0       0
      Temps:          0       0       0
      Totals:         0       0       0
Total ram usage:        0 bytes
 Hardware stack levels used:    1
 Hardware stack levels required when called:    2
 This function calls:
		Nothing
 This function is called by:
		_RF_RX_Data
 This function uses a non-reentrant model


 *************** function _Delay_3us *****************
 Defined at:
		line 154 in file "D:\QW\QW-项目\QW-247\程序\手环-中微-程序-16通道-2.4G\QW-247_SC8F054_V1.0_16M2T_16Channel\SC8F054_init.c"
 Parameters:    Size  Location     Type
		None
 Auto vars:     Size  Location     Type
  j               1    1[BANK0 ] unsigned char 
  i               1    0[BANK0 ] unsigned char 
 Return value:  Size  Location     Type
                  1    wreg      void 
 Registers used:
		wreg, status,2, status,0
 Tracked objects:
		On entry : 
		On exit  : 
		Unchanged: 
 Data sizes:     COMMON   BANK0   BANK1
      Params:         0       0       0
      Locals:         0       2       0
      Temps:          0       0       0
      Totals:         0       2       0
Total ram usage:        2 bytes
 Hardware stack levels used:    1
 Hardware stack levels required when called:    2
 This function calls:
		Nothing
 This function is called by:
		_RF_RX_Data
 This function uses a non-reentrant model


 *************** function _Led_Color_Prg *****************
 Defined at:
		line 42 in file "D:\QW\QW-项目\QW-247\程序\手环-中微-程序-16通道-2.4G\QW-247_SC8F054_V1.0_16M2T_16Channel\SC8F054_led.c"
 Parameters:    Size  Location     Type
		None
 Auto vars:     Size  Location     Type
		None
 Return value:  Size  Location     Type
                  1    wreg      void 
 Registers used:
		wreg, fsr0l, fsr0h, status,2, status,0, pclath, cstack
 Tracked objects:
		On entry : 
		On exit  : 
		Unchanged: 
 Data sizes:     COMMON   BANK0   BANK1
      Params:         0       0       0
      Locals:         0       0       0
      Temps:          0       0       0
      Totals:         0       0       0
Total ram usage:        0 bytes
 Hardware stack levels used:    1
 Hardware stack levels required when called:    4
 This function calls:
		_map_0_255_to_1000_0
 This function is called by:
		_main
 This function uses a non-reentrant model


 *************** function _map_0_255_to_1000_0 *****************
 Defined at:
		line 10 in file "D:\QW\QW-项目\QW-247\程序\手环-中微-程序-16通道-2.4G\QW-247_SC8F054_V1.0_16M2T_16Channel\SC8F054_led.c"
 Parameters:    Size  Location     Type
  red_duty        1    wreg     unsigned char 
  green_duty      1   25[BANK0 ] unsigned char 
  blue_duty       1   26[BANK0 ] unsigned char 
 Auto vars:     Size  Location     Type
  red_duty        1   27[BANK0 ] unsigned char 
  duty_10bit      2   28[BANK0 ] unsigned int 
 Return value:  Size  Location     Type
                  1    wreg      void 
 Registers used:
		wreg, status,2, status,0, pclath, cstack
 Tracked objects:
		On entry : 
		On exit  : 
		Unchanged: 
 Data sizes:     COMMON   BANK0   BANK1
      Params:         0       2       0
      Locals:         0       3       0
      Temps:          0       0       0
      Totals:         0       5       0
Total ram usage:        5 bytes
 Hardware stack levels used:    1
 Hardware stack levels required when called:    3
 This function calls:
		___lldiv
		___lmul
 This function is called by:
		_Led_Color_Prg
 This function uses a non-reentrant model


 *************** function ___lmul *****************
 Defined at:
		line 15 in file "D:\QW\QW-中微\SC8F054_DK\IDE\SCMCU_IDE_V2.00.17_Beta3\data\sources\common\Umul32.c"
 Parameters:    Size  Location     Type
  multiplier      4    0[BANK0 ] unsigned long 
  multiplicand    4    4[BANK0 ] unsigned long 
 Auto vars:     Size  Location     Type
  product         4    8[BANK0 ] unsigned long 
 Return value:  Size  Location     Type
                  4    0[BANK0 ] unsigned long 
 Registers used:
		wreg, status,2, status,0
 Tracked objects:
		On entry : 
		On exit  : 
		Unchanged: 
 Data sizes:     COMMON   BANK0   BANK1
      Params:         0       8       0
      Locals:         0       4       0
      Temps:          0       0       0
      Totals:         0      12       0
Total ram usage:       12 bytes
 Hardware stack levels used:    1
 Hardware stack levels required when called:    2
 This function calls:
		Nothing
 This function is called by:
		_map_0_255_to_1000_0
		_rand
 This function uses a non-reentrant model


 *************** function ___lldiv *****************
 Defined at:
		line 6 in file "D:\QW\QW-中微\SC8F054_DK\IDE\SCMCU_IDE_V2.00.17_Beta3\data\sources\common\lldiv.c"
 Parameters:    Size  Location     Type
  divisor         4   12[BANK0 ] unsigned long 
  dividend        4   16[BANK0 ] unsigned long 
 Auto vars:     Size  Location     Type
  quotient        4   20[BANK0 ] unsigned long 
  counter         1   24[BANK0 ] unsigned char 
 Return value:  Size  Location     Type
                  4   12[BANK0 ] unsigned long 
 Registers used:
		wreg, status,2, status,0
 Tracked objects:
		On entry : 
		On exit  : 
		Unchanged: 
 Data sizes:     COMMON   BANK0   BANK1
      Params:         0       8       0
      Locals:         0       5       0
      Temps:          0       0       0
      Totals:         0      13       0
Total ram usage:       13 bytes
 Hardware stack levels used:    1
 Hardware stack levels required when called:    2
 This function calls:
		Nothing
 This function is called by:
		_map_0_255_to_1000_0
 This function uses a non-reentrant model


 *************** function _INT_Isr *****************
 Defined at:
		line 46 in file "D:\QW\QW-项目\QW-247\程序\手环-中微-程序-16通道-2.4G\QW-247_SC8F054_V1.0_16M2T_16Channel\SC8F054_main.c"
 Parameters:    Size  Location     Type
		None
 Auto vars:     Size  Location     Type
		None
 Return value:  Size  Location     Type
                  1    wreg      void 
 Registers used:
		wreg, fsr0l, fsr0h, status,2, status,0, pclath, cstack
 Tracked objects:
		On entry : 
		On exit  : 
		Unchanged: 
 Data sizes:     COMMON   BANK0   BANK1
      Params:         0       0       0
      Locals:         0       0       0
      Temps:          3       0       0
      Totals:         3       0       0
Total ram usage:        3 bytes
 Hardware stack levels used:    1
 Hardware stack levels required when called:    1
 This function calls:
		_Key_Check_Time
		___lbdiv
 This function is called by:
		Interrupt level 1
 This function uses a non-reentrant model


 *************** function ___lbdiv *****************
 Defined at:
		line 4 in file "D:\QW\QW-中微\SC8F054_DK\IDE\SCMCU_IDE_V2.00.17_Beta3\data\sources\common\lbdiv.c"
 Parameters:    Size  Location     Type
  dividend        1    wreg     unsigned char 
  divisor         1    0[COMMON] unsigned char 
 Auto vars:     Size  Location     Type
  dividend        1    1[COMMON] unsigned char 
  quotient        1    3[COMMON] unsigned char 
  counter         1    2[COMMON] unsigned char 
 Return value:  Size  Location     Type
                  1    wreg      unsigned char 
 Registers used:
		wreg, status,2, status,0
 Tracked objects:
		On entry : 
		On exit  : 
		Unchanged: 
 Data sizes:     COMMON   BANK0   BANK1
      Params:         1       0       0
      Locals:         3       0       0
      Temps:          0       0       0
      Totals:         4       0       0
Total ram usage:        4 bytes
 Hardware stack levels used:    1
 This function calls:
		Nothing
 This function is called by:
		_INT_Isr
 This function uses a non-reentrant model


 *************** function _Key_Check_Time *****************
 Defined at:
		line 113 in file "D:\QW\QW-项目\QW-247\程序\手环-中微-程序-16通道-2.4G\QW-247_SC8F054_V1.0_16M2T_16Channel\SC8F054_key.c"
 Parameters:    Size  Location     Type
		None
 Auto vars:     Size  Location     Type
		None
 Return value:  Size  Location     Type
                  1    wreg      void 
 Registers used:
		wreg, status,2, status,0
 Tracked objects:
		On entry : 
		On exit  : 
		Unchanged: 
 Data sizes:     COMMON   BANK0   BANK1
      Params:         0       0       0
      Locals:         0       0       0
      Temps:          0       0       0
      Totals:         0       0       0
Total ram usage:        0 bytes
 Hardware stack levels used:    1
 This function calls:
		Nothing
 This function is called by:
		_INT_Isr
 This function uses a non-reentrant model



MODULE INFORMATION

Module		Function		Class		Link	Load	Size
D:\QW\QW-项目\QW-247\程序\手环-中微-程序-16通道-2.4G\QW-247_SC8F054_V1.0_16M2T_16Channel\SC8F054_key.c
		_Key_Event     		CODE           	0634	0000	41
		_Key_Check_Time		CODE           	06B0	0000	25
		_Key_Scan      		CODE           	0544	0000	52

D:\QW\QW-项目\QW-247\程序\手环-中微-程序-16通道-2.4G\QW-247_SC8F054_V1.0_16M2T_16Channel\SC8F054_key.c estimated size: 118

D:\QW\QW-中微\SC8F054_DK\IDE\SCMCU_IDE_V2.00.17_Beta3\data\sources\common\rand.c
		_rand          		CODE           	05DC	0000	46

D:\QW\QW-中微\SC8F054_DK\IDE\SCMCU_IDE_V2.00.17_Beta3\data\sources\common\rand.c estimated size: 46

D:\QW\QW-中微\SC8F054_DK\IDE\SCMCU_IDE_V2.00.17_Beta3\data\sources\common\lldiv.c
		___lldiv       		CODE           	0488	0000	73

D:\QW\QW-中微\SC8F054_DK\IDE\SCMCU_IDE_V2.00.17_Beta3\data\sources\common\lldiv.c estimated size: 73

D:\QW\QW-项目\QW-247\程序\手环-中微-程序-16通道-2.4G\QW-247_SC8F054_V1.0_16M2T_16Channel\SC8F054_xl2400t.c
		_RF_SPI_Read_Byte		CODE           	0717	0000	19
		_RF_CE_Low     		CODE           	07BE	0000	5
		_RF_SPI_Write_Byte		CODE           	06DD	0000	22
		_RF_Read_Buff  		CODE           	06F2	0000	20
		_RF_RX_Data    		CODE           	050D	0000	56
		_RF_Set_Chn    		CODE           	0696	0000	27
		_RF_Set_Power  		CODE           	0705	0000	19
		_RF_CE_High    		CODE           	07C2	0000	5
		_RF_SPI_Read_Reg		CODE           	07B0	0000	8
		_RF_Refresh_State		CODE           	0765	0000	14
		_RF_Set_Address		CODE           	077F	0000	13
		_RF_Write_Buff 		CODE           	06C8	0000	22
		_XL2400T_Init  		CODE           	0435	0000	84
		_RF_Rx_Mode    		CODE           	065C	0000	32
		_RF_SPI_Write_Reg		CODE           	07B7	0000	8

D:\QW\QW-项目\QW-247\程序\手环-中微-程序-16通道-2.4G\QW-247_SC8F054_V1.0_16M2T_16Channel\SC8F054_xl2400t.c estimated size: 354

D:\QW\QW-中微\SC8F054_DK\IDE\SCMCU_IDE_V2.00.17_Beta3\data\sources\common\lbdiv.c
		___lbdiv       		CODE           	067B	0000	28

D:\QW\QW-中微\SC8F054_DK\IDE\SCMCU_IDE_V2.00.17_Beta3\data\sources\common\lbdiv.c estimated size: 28

D:\QW\QW-项目\QW-247\程序\手环-中微-程序-16通道-2.4G\QW-247_SC8F054_V1.0_16M2T_16Channel\SC8F054_init.c
		_Delay_1ms     		CODE           	07C6	0000	3
		_Sleep_Mode    		CODE           	02D2	0000	123
		_Delay_ms      		CODE           	0795	0000	11
		_Delay_3us     		CODE           	0772	0000	14
		_Init_System   		CODE           	05AA	0000	51
		_Delay_us      		CODE           	0758	0000	14

D:\QW\QW-项目\QW-247\程序\手环-中微-程序-16通道-2.4G\QW-247_SC8F054_V1.0_16M2T_16Channel\SC8F054_init.c estimated size: 216

D:\QW\QW-项目\QW-247\程序\手环-中微-程序-16通道-2.4G\QW-247_SC8F054_V1.0_16M2T_16Channel\SC8F054_main.c
		_Rand_num      		CODE           	078B	0000	11
		_main          		CODE           	079F	0000	10
		_INT_Isr       		CODE           	01CD	0000	262

D:\QW\QW-项目\QW-247\程序\手环-中微-程序-16通道-2.4G\QW-247_SC8F054_V1.0_16M2T_16Channel\SC8F054_main.c estimated size: 283

D:\QW\QW-项目\QW-247\程序\手环-中微-程序-16通道-2.4G\QW-247_SC8F054_V1.0_16M2T_16Channel\SC8F054_led.c
		_Led_Color_Prg 		CODE           	03C1	0000	117
		_map_0_255_to_1000_0		CODE           	034C	0000	118

D:\QW\QW-项目\QW-247\程序\手环-中微-程序-16通道-2.4G\QW-247_SC8F054_V1.0_16M2T_16Channel\SC8F054_led.c estimated size: 235

shared
		__initialization		CODE           	000D	0000	36

shared estimated size: 36

D:\QW\QW-中微\SC8F054_DK\IDE\SCMCU_IDE_V2.00.17_Beta3\data\sources\common\awmod.c
		___awmod       		CODE           	04D0	0000	62

D:\QW\QW-中微\SC8F054_DK\IDE\SCMCU_IDE_V2.00.17_Beta3\data\sources\common\awmod.c estimated size: 62

D:\QW\QW-中微\SC8F054_DK\IDE\SCMCU_IDE_V2.00.17_Beta3\data\sources\common\Umul32.c
		___lmul        		CODE           	0577	0000	52

D:\QW\QW-中微\SC8F054_DK\IDE\SCMCU_IDE_V2.00.17_Beta3\data\sources\common\Umul32.c estimated size: 52

D:\QW\QW-项目\QW-247\程序\手环-中微-程序-16通道-2.4G\QW-247_SC8F054_V1.0_16M2T_16Channel\SC8F054_soft.c
		_Soft_Decode   		CODE           	0032	0000	412

D:\QW\QW-项目\QW-247\程序\手环-中微-程序-16通道-2.4G\QW-247_SC8F054_V1.0_16M2T_16Channel\SC8F054_soft.c estimated size: 412

